// Jest Snapshot v1, https://goo.gl/fbAQLP

exports[`get description function analysis https://blog.51cto.com/u_15349616/3717558 1`] = `
Object {
  "description": "Oracle导出导入dmp文件(exp.imp命令行)，1.说明使用Oracle命令行导出导入dmp文件，从而在两个数据库之间快速转移数据，也可以用来作为数据库的备份，将来可以快速恢复数据。命令：导出exp、导入imp步骤：使用Oracle的exp命令将指定数据库导出为dmp文件;然后将dmp文件上传到需要导入的数据库所在服务器;使用Oracle的imp命令将dmp文件导入指定数据库。2.导出exp在Oracle数据库...",
  "favicon": "https://statics.dnspod.cn/proxy_favicon/_/favicon?domain=blog.51cto.com",
  "image": "https://blog.51cto.com/qr/qr-url?url=https%3A%2F%2Fblog.51cto.com%2Fu_15349616%2F3717558",
  "title": "Oracle导出导入dmp文件(exp.imp命令行)",
  "url": "https://blog.51cto.com/u_15349616/3717558",
}
`;

exports[`get description function analysis https://blog.csdn.net/design_Lu/article/details/94870265 1`] = `
Object {
  "description": "生命周期指的是组件从初始化开始到结束的过程  或者是生命周期是描述组件从开始到结束的过程，每个组件都具有生命周期，都对组件通过生命周期给予的钩子函数进行管理。钩子函数	指的是系统某些状态和参数发生改变的时候，系统立马去通知对应处理的函数叫做vue的生命周期	所有的生命周期钩子自动绑定Vue的 this 上下文到实例中，因此可以访问数据，对属性和方法进行运算。这意味着 你不能使用箭头函...",
  "favicon": "https://statics.dnspod.cn/proxy_favicon/_/favicon?domain=blog.csdn.net",
  "image": "https://img-blog.csdnimg.cn/20190706164418355.png?x-oss-process=image/watermark,type_ZmFuZ3poZW5naGVpdGk,shadow_10,text_aHR0cHM6Ly9ibG9nLmNzZG4ubmV0L2Rlc2lnbl9MdQ==,size_16,color_FFFFFF,t_70",
  "title": "vue生命周期和react生命周期对比。",
  "url": "https://blog.csdn.net/design_Lu/article/details/94870265",
}
`;

exports[`get description function analysis https://juejin.cn/post/6844904009887645709 1`] = `
Object {
  "description": "主要从githubstarts&issues量，npm下载量，使用方式，以及语法示例对三款测试框架做了一下较简单的比较Githubstars&issuesNpm下载量使用方式框架断言异步Mock代码覆",
  "favicon": "https://statics.dnspod.cn/proxy_favicon/_/favicon?domain=juejin.cn",
  "image": "https://p1-jj.byteimg.com/tos-cn-i-t2oaga2asx/gold-user-assets/2019/12/3/16eca535239e77d7~tplv-t2oaga2asx-image.image",
  "title": "JS测试框架Jest/Mocha/Ava的简单比较",
  "url": "https://juejin.cn/post/6844904009887645709",
}
`;

exports[`get description function analysis https://segmentfault.com/a/1190000020387433 1`] = `
Object {
  "description": "最近在做一个采用 TypeScript 语言编写的项目，测试库选择了 Jest。我跟着 Jest 文档完成了入门教程后依然不知道从何开始，主要是有以下几个问题：",
  "favicon": "https://statics.dnspod.cn/proxy_favicon/_/favicon?domain=segmentfault.com",
  "image": Any<String>,
  "title": "探索 TypeScript + Jest 开源项目的自动化测试（上）",
  "url": "https://segmentfault.com/a/1190000020387433",
}
`;

exports[`get description function analysis https://www.cnblogs.com/yichong/p/9234265.html 1`] = `
Object {
  "description": "Oracle使用exp无法导出空表的解决方法 原因：11G中有个新特性，当表无数据时，不分配segment，以节省空间 解决方法：设置deferred_segment_creation 1.使用命令 ",
  "favicon": "https://statics.dnspod.cn/proxy_favicon/_/favicon?domain=www.cnblogs.com",
  "image": "https://www.cnblogs.com/images/logo.svg?v=R9M0WmLAIPVydmdzE2keuvnjl-bPR7_35oHqtiBzGsM",
  "title": "Oracle使用exp无法导出空表的解决方法",
  "url": "https://www.cnblogs.com/yichong/p/9234265.html",
}
`;

exports[`get description function analysis https://www.jianshu.com/p/eec5e34ff0c2 1`] = `
Object {
  "description": "在 TypeScript 开发中，我们需要为开发的模块编写单元测试，可以使用 jest 这个框架。可参考 npm - jest 如果你已经有一个 TypeScript 项目，...",
  "favicon": "https://statics.dnspod.cn/proxy_favicon/_/favicon?domain=www.jianshu.com",
  "image": "https://upload-images.jianshu.io/upload_images/1362764-9e4cc8a17ba4048b.png",
  "title": "TypeScript + jest + VSCode 编写单元测试",
  "url": "https://www.jianshu.com/p/eec5e34ff0c2",
}
`;

exports[`get description function analysis https://zhuanlan.zhihu.com/p/59838643 1`] = `
Object {
  "description": "我们在做EXP的过程中可能经常会遇到EXP-00091 Exporting questionable statistics的错误。 其实这个是EXP的error message，它产生的原因是因为我们EXP工具所在的环境变量中的NLS_LANG和Database中的NLS_CHARACTERS…",
  "favicon": "https://statics.dnspod.cn/proxy_favicon/_/favicon?domain=zhuanlan.zhihu.com",
  "image": Any<String>,
  "title": "EXP-00091错误的说明和解决方法",
  "url": "https://zhuanlan.zhihu.com/p/59838643",
}
`;
